// Jest Snapshot v1, https://goo.gl/fbAQLP

exports[`Testa componente InputsReminder Testa se o estado name Ã© atualizado corretamente 1`] = `
<div>
   
  <form>
    <h1>
      Novo Lembrete
    </h1>
    <div>
      <label
        for="name-box"
      >
        Nome
      </label>
      <input
        id="name-box"
        name="name"
        placeholder="Nome do lembrete"
        required=""
        type="text"
        value=""
      />
    </div>
    <div>
      <label
        for="date-box"
      >
        Data
      </label>
      <input
        id="date-box"
        name="date"
        placeholder="DD/MM/YYYY"
        required=""
        value=""
      />
    </div>
    <button
      type="button"
    >
      CRIAR
    </button>
  </form>
</div>
`;
